../Core/Src/main.c:74:13:FDCAN_Config	40	static
../Core/Src/main.c:106:6:HAL_FDCAN_RxFifo0Callback	56	static
../Core/Src/main.c:125:5:main	8	static
../Core/Src/main.c:208:6:SystemClock_Config	88	static
../Core/Src/main.c:255:13:MX_ADC1_Init	56	static
../Core/Src/main.c:323:13:MX_FDCAN1_Init	8	static
../Core/Src/main.c:366:13:MX_I2C3_Init	8	static
../Core/Src/main.c:412:13:MX_DMA_Init	16	static
../Core/Src/main.c:431:13:MX_GPIO_Init	40	static
../Core/Src/main.c:461:6:Error_Handler	4	static,ignoring_inline_asm
