../Core/Src/main.c:101:5:float_to_uint	32	static
../Core/Src/main.c:110:13:FDCAN1_Config	40	static
../Core/Src/main.c:144:6:HAL_FDCAN_RxFifo0Callback	56	static
../Core/Src/main.c:158:6:EnableMotor	16	static
../Core/Src/main.c:171:6:ResetMotorAngle	16	static
../Core/Src/main.c:185:6:MoveMotor	32	static
../Core/Src/main.c:203:6:drive_robomas	8	static
../Core/Src/main.c:215:6:pid	56	static
../Core/Src/main.c:247:5:main	8	static
../Core/Src/main.c:313:6:SystemClock_Config	88	static
../Core/Src/main.c:354:13:MX_ADC1_Init	56	static
../Core/Src/main.c:422:13:MX_FDCAN1_Init	8	static
../Core/Src/main.c:463:13:MX_DMA_Init	16	static
../Core/Src/main.c:482:13:MX_GPIO_Init	40	static
../Core/Src/main.c:512:6:Error_Handler	4	static,ignoring_inline_asm
