../Core/Src/main.c:75:5:float_to_uint	32	static
../Core/Src/main.c:84:13:FDCAN1_Config	40	static
../Core/Src/main.c:118:6:HAL_FDCAN_RxFifo0Callback	56	static
../Core/Src/main.c:128:6:EnableMotor	16	static
../Core/Src/main.c:140:6:ResetMotorAngle	16	static
../Core/Src/main.c:153:6:MoveMotor	32	static
../Core/Src/main.c:180:5:main	8	static
../Core/Src/main.c:242:6:SystemClock_Config	88	static
../Core/Src/main.c:283:13:MX_ADC1_Init	56	static
../Core/Src/main.c:351:13:MX_FDCAN1_Init	8	static
../Core/Src/main.c:392:13:MX_DMA_Init	16	static
../Core/Src/main.c:411:13:MX_GPIO_Init	16	static
../Core/Src/main.c:433:6:Error_Handler	4	static,ignoring_inline_asm
