../Core/Src/main.cpp:64:13:void FDCAN1_Config()	40	static
../Core/Src/main.cpp:98:6:void HAL_FDCAN_RxFifo0Callback(FDCAN_HandleTypeDef*, uint32_t)	56	static
../Core/Src/main.cpp:118:5:int main()	8	static
../Core/Src/main.cpp:269:6:void SystemClock_Config()	88	static
../Core/Src/main.cpp:310:13:void MX_FDCAN1_Init()	8	static
../Core/Src/main.cpp:353:13:void MX_GPIO_Init()	16	static
../Core/Src/main.cpp:375:6:void Error_Handler()	4	static,ignoring_inline_asm
../Core/Src/main.cpp:384:1:void __static_initialization_and_destruction_0()	8	static
../Core/Src/main.cpp:384:1:cpp)	8	static
