../Core/Src/main.c:76:13:FDCAN_Config	16	static
../Core/Src/main.c:99:6:HAL_FDCAN_RxFifo0Callback	64	static
../Core/Src/main.c:122:5:main	56	static
../Core/Src/main.c:349:6:SystemClock_Config	88	static
../Core/Src/main.c:390:13:MX_ADC1_Init	56	static
../Core/Src/main.c:458:13:MX_FDCAN1_Init	8	static
../Core/Src/main.c:501:13:MX_I2C3_Init	8	static
../Core/Src/main.c:547:13:MX_DMA_Init	16	static
../Core/Src/main.c:566:13:MX_GPIO_Init	40	static
../Core/Src/main.c:594:6:Error_Handler	4	static,ignoring_inline_asm
