../Core/Inc/Robstride01.cpp:23:1:RobStride_Motor::RobStride_Motor(uint8_t, bool)	16	static
../Core/Inc/Robstride01.cpp:31:1:RobStride_Motor::RobStride_Motor(float (*)(float), uint8_t, bool)	24	static
../Core/Inc/Robstride01.cpp:49:7:float uint16_to_float(uint16_t, float, float, int)	32	static
../Core/Inc/Robstride01.cpp:64:5:int float_to_uint(float, float, float, int)	32	static
../Core/Inc/Robstride01.cpp:78:7:float Byte_to_float(uint8_t*)	24	static
../Core/Inc/Robstride01.cpp:90:9:uint8_t mapFaults(uint16_t)	24	static
../Core/Inc/Robstride01.cpp:110:6:void RobStride_Motor::RobStride_Motor_Analysis(uint8_t*, uint32_t)	32	static
../Core/Inc/Robstride01.cpp:214:6:void RobStride_Motor::RobStride_Get_CAN_ID()	64	static
../Core/Inc/Robstride01.cpp:233:6:void RobStride_Motor::RobStride_Motor_move_control(float, float, float, float, float)	80	static
../Core/Inc/Robstride01.cpp:268:6:void RobStride_Motor::RobStride_Motor_MIT_Enable()	64	static
../Core/Inc/Robstride01.cpp:287:6:void RobStride_Motor::RobStride_Motor_MIT_Disable()	64	static
../Core/Inc/Robstride01.cpp:306:6:void RobStride_Motor::RobStride_Motor_MIT_ClearOrCheckError(uint8_t)	64	static
../Core/Inc/Robstride01.cpp:326:6:void RobStride_Motor::RobStride_Motor_MIT_SetMotorType(uint8_t)	64	static
../Core/Inc/Robstride01.cpp:346:6:void RobStride_Motor::RobStride_Motor_MIT_SetMotorId(uint8_t)	64	static
../Core/Inc/Robstride01.cpp:368:6:void RobStride_Motor::RobStride_Motor_MIT_Control(float, float, float, float, float)	88	static
../Core/Inc/Robstride01.cpp:388:6:void RobStride_Motor::RobStride_Motor_MIT_PositionControl(float, float)	72	static
../Core/Inc/Robstride01.cpp:401:6:void RobStride_Motor::RobStride_Motor_MIT_SpeedControl(float, float)	72	static
../Core/Inc/Robstride01.cpp:415:6:void RobStride_Motor::RobStride_Motor_MIT_SetZeroPos()	64	static
../Core/Inc/Robstride01.cpp:441:6:void RobStride_Motor::RobStride_Motor_Pos_control(float, float)	24	static
../Core/Inc/Robstride01.cpp:467:6:void RobStride_Motor::RobStride_Motor_CSP_control(float, float)	24	static
../Core/Inc/Robstride01.cpp:495:6:void RobStride_Motor::RobStride_Motor_Speed_control(float, float)	24	static
../Core/Inc/Robstride01.cpp:518:6:void RobStride_Motor::RobStride_Motor_current_control(float)	16	static
../Core/Inc/Robstride01.cpp:537:6:void RobStride_Motor::RobStride_Motor_Set_Zero_control()	16	static
../Core/Inc/Robstride01.cpp:547:6:void RobStride_Motor::Enable_Motor()	64	static
../Core/Inc/Robstride01.cpp:571:6:void RobStride_Motor::Disenable_Motor(uint8_t)	64	static
../Core/Inc/Robstride01.cpp:600:6:void RobStride_Motor::Set_RobStride_Motor_parameter(uint16_t, float, char)	72	static
../Core/Inc/Robstride01.cpp:632:6:void RobStride_Motor::Get_RobStride_Motor_parameter(uint16_t)	64	static
../Core/Inc/Robstride01.cpp:650:6:void RobStride_Motor::Set_CAN_ID(uint8_t)	64	static
../Core/Inc/Robstride01.cpp:667:6:void RobStride_Motor::Set_ZeroPos()	64	static
../Core/Inc/Robstride01.cpp:687:6:void RobStride_Motor::RobStride_Motor_MotorDataSave()	64	static
../Core/Inc/Robstride01.cpp:715:6:void RobStride_Motor::RobStride_Motor_BaudRateChange(uint8_t)	64	static
../Core/Inc/Robstride01.cpp:741:6:void RobStride_Motor::RobStride_Motor_ProactiveEscalationSet(uint8_t)	64	static
../Core/Inc/Robstride01.cpp:768:6:void RobStride_Motor::RobStride_Motor_MIT_MotorModeSet(uint8_t)	64	static
../Core/Inc/Robstride01.cpp:794:1:data_read_write::data_read_write(const uint16_t*)	16	static
../Core/Inc/Robstride01.cpp:813:6:void RobStride_Motor::RobStride_Motor_MotorModeSet(uint8_t)	64	static
