Archive member included to satisfy reference by file (symbol)

C:/ST/STM32CubeIDE_1.15.1/STM32CubeIDE/plugins/com.st.stm32cube.ide.mcu.externaltools.gnu-tools-for-stm32.13.3.rel1.win32_1.0.0.202411081344/tools/bin/../lib/gcc/arm-none-eabi/13.3.1/../../../../arm-none-eabi/lib/thumb/v7e-m+fp/hard\libc_nano.a(libc_a-exit.o)
                              C:/ST/STM32CubeIDE_1.15.1/STM32CubeIDE/plugins/com.st.stm32cube.ide.mcu.externaltools.gnu-tools-for-stm32.13.3.rel1.win32_1.0.0.202411081344/tools/bin/../lib/gcc/arm-none-eabi/13.3.1/../../../../arm-none-eabi/lib/thumb/v7e-m+fp/hard/crt0.o (exit)
C:/ST/STM32CubeIDE_1.15.1/STM32CubeIDE/plugins/com.st.stm32cube.ide.mcu.externaltools.gnu-tools-for-stm32.13.3.rel1.win32_1.0.0.202411081344/tools/bin/../lib/gcc/arm-none-eabi/13.3.1/../../../../arm-none-eabi/lib/thumb/v7e-m+fp/hard\libc_nano.a(libc_a-findfp.o)
                              C:/ST/STM32CubeIDE_1.15.1/STM32CubeIDE/plugins/com.st.stm32cube.ide.mcu.externaltools.gnu-tools-for-stm32.13.3.rel1.win32_1.0.0.202411081344/tools/bin/../lib/gcc/arm-none-eabi/13.3.1/../../../../arm-none-eabi/lib/thumb/v7e-m+fp/hard\libc_nano.a(libc_a-exit.o) (__stdio_exit_handler)
C:/ST/STM32CubeIDE_1.15.1/STM32CubeIDE/plugins/com.st.stm32cube.ide.mcu.externaltools.gnu-tools-for-stm32.13.3.rel1.win32_1.0.0.202411081344/tools/bin/../lib/gcc/arm-none-eabi/13.3.1/../../../../arm-none-eabi/lib/thumb/v7e-m+fp/hard\libc_nano.a(libc_a-fwalk.o)
                              C:/ST/STM32CubeIDE_1.15.1/STM32CubeIDE/plugins/com.st.stm32cube.ide.mcu.externaltools.gnu-tools-for-stm32.13.3.rel1.win32_1.0.0.202411081344/tools/bin/../lib/gcc/arm-none-eabi/13.3.1/../../../../arm-none-eabi/lib/thumb/v7e-m+fp/hard\libc_nano.a(libc_a-findfp.o) (_fwalk_sglue)
C:/ST/STM32CubeIDE_1.15.1/STM32CubeIDE/plugins/com.st.stm32cube.ide.mcu.externaltools.gnu-tools-for-stm32.13.3.rel1.win32_1.0.0.202411081344/tools/bin/../lib/gcc/arm-none-eabi/13.3.1/../../../../arm-none-eabi/lib/thumb/v7e-m+fp/hard\libc_nano.a(libc_a-stdio.o)
                              C:/ST/STM32CubeIDE_1.15.1/STM32CubeIDE/plugins/com.st.stm32cube.ide.mcu.externaltools.gnu-tools-for-stm32.13.3.rel1.win32_1.0.0.202411081344/tools/bin/../lib/gcc/arm-none-eabi/13.3.1/../../../../arm-none-eabi/lib/thumb/v7e-m+fp/hard\libc_nano.a(libc_a-findfp.o) (__sread)
C:/ST/STM32CubeIDE_1.15.1/STM32CubeIDE/plugins/com.st.stm32cube.ide.mcu.externaltools.gnu-tools-for-stm32.13.3.rel1.win32_1.0.0.202411081344/tools/bin/../lib/gcc/arm-none-eabi/13.3.1/../../../../arm-none-eabi/lib/thumb/v7e-m+fp/hard\libc_nano.a(libc_a-memset.o)
                              C:/ST/STM32CubeIDE_1.15.1/STM32CubeIDE/plugins/com.st.stm32cube.ide.mcu.externaltools.gnu-tools-for-stm32.13.3.rel1.win32_1.0.0.202411081344/tools/bin/../lib/gcc/arm-none-eabi/13.3.1/../../../../arm-none-eabi/lib/thumb/v7e-m+fp/hard/crt0.o (memset)
C:/ST/STM32CubeIDE_1.15.1/STM32CubeIDE/plugins/com.st.stm32cube.ide.mcu.externaltools.gnu-tools-for-stm32.13.3.rel1.win32_1.0.0.202411081344/tools/bin/../lib/gcc/arm-none-eabi/13.3.1/../../../../arm-none-eabi/lib/thumb/v7e-m+fp/hard\libc_nano.a(libc_a-closer.o)
                              C:/ST/STM32CubeIDE_1.15.1/STM32CubeIDE/plugins/com.st.stm32cube.ide.mcu.externaltools.gnu-tools-for-stm32.13.3.rel1.win32_1.0.0.202411081344/tools/bin/../lib/gcc/arm-none-eabi/13.3.1/../../../../arm-none-eabi/lib/thumb/v7e-m+fp/hard\libc_nano.a(libc_a-stdio.o) (_close_r)
C:/ST/STM32CubeIDE_1.15.1/STM32CubeIDE/plugins/com.st.stm32cube.ide.mcu.externaltools.gnu-tools-for-stm32.13.3.rel1.win32_1.0.0.202411081344/tools/bin/../lib/gcc/arm-none-eabi/13.3.1/../../../../arm-none-eabi/lib/thumb/v7e-m+fp/hard\libc_nano.a(libc_a-reent.o)
                              C:/ST/STM32CubeIDE_1.15.1/STM32CubeIDE/plugins/com.st.stm32cube.ide.mcu.externaltools.gnu-tools-for-stm32.13.3.rel1.win32_1.0.0.202411081344/tools/bin/../lib/gcc/arm-none-eabi/13.3.1/../../../../arm-none-eabi/lib/thumb/v7e-m+fp/hard\libc_nano.a(libc_a-closer.o) (errno)
C:/ST/STM32CubeIDE_1.15.1/STM32CubeIDE/plugins/com.st.stm32cube.ide.mcu.externaltools.gnu-tools-for-stm32.13.3.rel1.win32_1.0.0.202411081344/tools/bin/../lib/gcc/arm-none-eabi/13.3.1/../../../../arm-none-eabi/lib/thumb/v7e-m+fp/hard\libc_nano.a(libc_a-impure.o)
                              C:/ST/STM32CubeIDE_1.15.1/STM32CubeIDE/plugins/com.st.stm32cube.ide.mcu.externaltools.gnu-tools-for-stm32.13.3.rel1.win32_1.0.0.202411081344/tools/bin/../lib/gcc/arm-none-eabi/13.3.1/../../../../arm-none-eabi/lib/thumb/v7e-m+fp/hard\libc_nano.a(libc_a-reent.o) (_impure_ptr)
C:/ST/STM32CubeIDE_1.15.1/STM32CubeIDE/plugins/com.st.stm32cube.ide.mcu.externaltools.gnu-tools-for-stm32.13.3.rel1.win32_1.0.0.202411081344/tools/bin/../lib/gcc/arm-none-eabi/13.3.1/../../../../arm-none-eabi/lib/thumb/v7e-m+fp/hard\libc_nano.a(libc_a-lseekr.o)
[...]
Memory Configuration

Name             Origin             Length             Attributes
RAM              0x20000000         0x00008000         xrw
FLASH            0x08000000         0x00020000         xr
*default*        0x00000000         0xffffffff

Linker script and memory map

LOAD C:/ST/STM32CubeIDE_1.15.1/STM32CubeIDE/plugins/com.st.stm32cube.ide.mcu.externaltools.gnu-tools-for-stm32.13.3.rel1.win32_1.0.0.202411081344/tools/bin/../lib/gcc/arm-none-eabi/13.3.1/thumb/v7e-m+fp/hard/crti.o
LOAD C:/ST/STM32CubeIDE_1.15.1/STM32CubeIDE/plugins/com.st.stm32cube.ide.mcu.externaltools.gnu-tools-for-stm32.13.3.rel1.win32_1.0.0.202411081344/tools/bin/../lib/gcc/arm-none-eabi/13.3.1/thumb/v7e-m+fp/hard/crtbegin.o
LOAD C:/ST/STM32CubeIDE_1.15.1/STM32CubeIDE/plugins/com.st.stm32cube.ide.mcu.externaltools.gnu-tools-for-stm32.13.3.rel1.win32_1.0.0.202411081344/tools/bin/../lib/gcc/arm-none-eabi/13.3.1/../../../../arm-none-eabi/lib/thumb/v7e-m+fp/hard/crt0.o
LOAD ./Core/Inc/Robstride01.o
LOAD ./Core/Src/main.o
LOAD ./Core/Src/stm32g4xx_hal_msp.o
LOAD ./Core/Src/stm32g4xx_it.o
LOAD ./Core/Src/syscalls.o
LOAD ./Core/Src/sysmem.o
LOAD ./Core/Src/system_stm32g4xx.o
LOAD ./Core/Startup/startup_stm32g431kbtx.o
LOAD ./Drivers/STM32G4xx_HAL_Driver/Src/stm32g4xx_hal.o
LOAD ./Drivers/STM32G4xx_HAL_Driver/Src/stm32g4xx_hal_cortex.o
LOAD ./Drivers/STM32G4xx_HAL_Driver/Src/stm32g4xx_hal_dma.o
LOAD ./Drivers/STM32G4xx_HAL_Driver/Src/stm32g4xx_hal_dma_ex.o
LOAD ./Drivers/STM32G4xx_HAL_Driver/Src/stm32g4xx_hal_exti.o
LOAD ./Drivers/STM32G4xx_HAL_Driver/Src/stm32g4xx_hal_fdcan.o
LOAD ./Drivers/STM32G4xx_HAL_Driver/Src/stm32g4xx_hal_flash.o
LOAD ./Drivers/STM32G4xx_HAL_Driver/Src/stm32g4xx_hal_flash_ex.o
LOAD ./Drivers/STM32G4xx_HAL_Driver/Src/stm32g4xx_hal_flash_ramfunc.o
LOAD ./Drivers/STM32G4xx_HAL_Driver/Src/stm32g4xx_hal_gpio.o
LOAD ./Drivers/STM32G4xx_HAL_Driver/Src/stm32g4xx_hal_pwr.o
LOAD ./Drivers/STM32G4xx_HAL_Driver/Src/stm32g4xx_hal_pwr_ex.o
LOAD ./Drivers/STM32G4xx_HAL_Driver/Src/stm32g4xx_hal_rcc.o
LOAD ./Drivers/STM32G4xx_HAL_Driver/Src/stm32g4xx_hal_rcc_ex.o
START GROUP
LOAD C:/ST/STM32CubeIDE_1.15.1/STM32CubeIDE/plugins/com.st.stm32cube.ide.mcu.externaltools.gnu-tools-for-stm32.13.3.rel1.win32_1.0.0.202411081344/tools/bin/../lib/gcc/arm-none-eabi/13.3.1/../../../../arm-none-eabi/lib/thumb/v7e-m+fp/hard\libstdc++_nano.a
LOAD C:/ST/STM32CubeIDE_1.15.1/STM32CubeIDE/plugins/com.st.stm32cube.ide.mcu.externaltools.gnu-tools-for-stm32.13.3.rel1.win32_1.0.0.202411081344/tools/bin/../lib/gcc/arm-none-eabi/13.3.1/../../../../arm-none-eabi/lib/thumb/v7e-m+fp/hard\libsupc++_nano.a
END GROUP
LOAD C:/ST/STM32CubeIDE_1.15.1/STM32CubeIDE/plugins/com.st.stm32cube.ide.mcu.externaltools.gnu-tools-for-stm32.13.3.rel1.win32_1.0.0.202411081344/tools/bin/../lib/gcc/arm-none-eabi/13.3.1/../../../../arm-none-eabi/lib/thumb/v7e-m+fp/hard\libstdc++_nano.a
LOAD C:/ST/STM32CubeIDE_1.15.1/STM32CubeIDE/plugins/com.st.stm32cube.ide.mcu.externaltools.gnu-tools-for-stm32.13.3.rel1.win32_1.0.0.202411081344/tools/bin/../lib/gcc/arm-none-eabi/13.3.1/../../../../arm-none-eabi/lib/thumb/v7e-m+fp/hard\libm.a
LOAD C:/ST/STM32CubeIDE_1.15.1/STM32CubeIDE/plugins/com.st.stm32cube.ide.mcu.externaltools.gnu-tools-for-stm32.13.3.rel1.win32_1.0.0.202411081344/tools/bin/../lib/gcc/arm-none-eabi/13.3.1/../../../../arm-none-eabi/lib/thumb/v7e-m+fp/hard\libc_nano.a
START GROUP
LOAD C:/ST/STM32CubeIDE_1.15.1/STM32CubeIDE/plugins/com.st.stm32cube.ide.mcu.externaltools.gnu-tools-for-stm32.13.3.rel1.win32_1.0.0.202411081344/tools/bin/../lib/gcc/arm-none-eabi/13.3.1/thumb/v7e-m+fp/hard\libgcc.a
LOAD C:/ST/STM32CubeIDE_1.15.1/STM32CubeIDE/plugins/com.st.stm32cube.ide.mcu.externaltools.gnu-tools-for-stm32.13.3.rel1.win32_1.0.0.202411081344/tools/bin/../lib/gcc/arm-none-eabi/13.3.1/../../../../arm-none-eabi/lib/thumb/v7e-m+fp/hard\libc_nano.a
END GROUP
START GROUP
LOAD C:/ST/STM32CubeIDE_1.15.1/STM32CubeIDE/plugins/com.st.stm32cube.ide.mcu.externaltools.gnu-tools-for-stm32.13.3.rel1.win32_1.0.0.202411081344/tools/bin/../lib/gcc/arm-none-eabi/13.3.1/thumb/v7e-m+fp/hard\libgcc.a
LOAD C:/ST/STM32CubeIDE_1.15.1/STM32CubeIDE/plugins/com.st.stm32cube.ide.mcu.externaltools.gnu-tools-for-stm32.13.3.rel1.win32_1.0.0.202411081344/tools/bin/../lib/gcc/arm-none-eabi/13.3.1/../../../../arm-none-eabi/lib/thumb/v7e-m+fp/hard\libc_nano.a
LOAD C:/ST/STM32CubeIDE_1.15.1/STM32CubeIDE/plugins/com.st.stm32cube.ide.mcu.externaltools.gnu-tools-for-stm32.13.3.rel1.win32_1.0.0.202411081344/tools/bin/../lib/gcc/arm-none-eabi/13.3.1/../../../../arm-none-eabi/lib/thumb/v7e-m+fp/hard\libnosys.a
END GROUP
START GROUP
LOAD C:/ST/STM32CubeIDE_1.15.1/STM32CubeIDE/plugins/com.st.stm32cube.ide.mcu.externaltools.gnu-tools-for-stm32.13.3.rel1.win32_1.0.0.202411081344/tools/bin/../lib/gcc/arm-none-eabi/13.3.1/thumb/v7e-m+fp/hard\libgcc.a
LOAD C:/ST/STM32CubeIDE_1.15.1/STM32CubeIDE/plugins/com.st.stm32cube.ide.mcu.externaltools.gnu-tools-for-stm32.13.3.rel1.win32_1.0.0.202411081344/tools/bin/../lib/gcc/arm-none-eabi/13.3.1/../../../../arm-none-eabi/lib/thumb/v7e-m+fp/hard\libc_nano.a
LOAD C:/ST/STM32CubeIDE_1.15.1/STM32CubeIDE/plugins/com.st.stm32cube.ide.mcu.externaltools.gnu-tools-for-stm32.13.3.rel1.win32_1.0.0.202411081344/tools/bin/../lib/gcc/arm-none-eabi/13.3.1/../../../../arm-none-eabi/lib/thumb/v7e-m+fp/hard\libnosys.a
END GROUP
LOAD C:/ST/STM32CubeIDE_1.15.1/STM32CubeIDE/plugins/com.st.stm32cube.ide.mcu.externaltools.gnu-tools-for-stm32.13.3.rel1.win32_1.0.0.202411081344/tools/bin/../lib/gcc/arm-none-eabi/13.3.1/thumb/v7e-m+fp/hard/crtend.o
LOAD C:/ST/STM32CubeIDE_1.15.1/STM32CubeIDE/plugins/com.st.stm32cube.ide.mcu.externaltools.gnu-tools-for-stm32.13.3.rel1.win32_1.0.0.202411081344/tools/bin/../lib/gcc/arm-none-eabi/13.3.1/thumb/v7e-m+fp/hard/crtn.o
                0x20008000                        _estack = (ORIGIN (RAM) + LENGTH (RAM))
                0x00000200                        _Min_Heap_Size = 0x200
                0x00000400                        _Min_Stack_Size = 0x400

.isr_vector     0x08000000      0x1d8
                0x08000000                        . = ALIGN (0x4)
 *(.isr_vector)
 .isr_vector    0x08000000      0x1d8 ./Core/Startup/startup_stm32g431kbtx.o
                0x08000000                g_pfnVectors
                0x080001d8                        . = ALIGN (0x4)

.text           0x080001d8     0x39d4
                0x080001d8                        . = ALIGN (0x4)
 *(.text)
 .text          0x080001d8       0x40 C:/ST/STM32CubeIDE_1.15.1/STM32CubeIDE/plugins/com.st.stm32cube.ide.mcu.externaltools.gnu-tools-for-stm32.13.3.rel1.win32_1.0.0.202411081344/tools/bin/../lib/gcc/arm-none-eabi/13.3.1/thumb/v7e-m+fp/hard/crtbegin.o
 *(.text*)
 .text._ZN15RobStride_MotorC2Ehb
                0x08000218       0x4c ./Core/Inc/Robstride01.o
                0x08000218                RobStride_Motor::RobStride_Motor(unsigned char, bool)
                0x08000218                RobStride_Motor::RobStride_Motor(unsigned char, bool)
 .text._Z13float_to_uintfffi
                0x08000264       0x94 ./Core/Inc/Robstride01.o
                0x08000264                float_to_uint(float, float, float, int)
 .text._ZN15RobStride_Motor28RobStride_Motor_move_controlEfffff
                0x080002f8      0x1f0 ./Core/Inc/Robstride01.o
                0x080002f8                RobStride_Motor::RobStride_Motor_move_control(float, float, float, float, float)
 .text._ZN15RobStride_Motor26RobStride_Motor_MIT_EnableEv
                0x080004e8       0x6c ./Core/Inc/Robstride01.o
                0x080004e8                RobStride_Motor::RobStride_Motor_MIT_Enable()
 .text._ZN15RobStride_Motor27RobStride_Motor_MIT_DisableEv
                0x08000554       0x6c ./Core/Inc/Robstride01.o
                0x08000554                RobStride_Motor::RobStride_Motor_MIT_Disable()
 .text._ZN15RobStride_Motor37RobStride_Motor_MIT_ClearOrCheckErrorEh
                0x080005c0       0x70 ./Core/Inc/Robstride01.o
                0x080005c0                RobStride_Motor::RobStride_Motor_MIT_ClearOrCheckError(unsigned char)
 .text._ZN15RobStride_Motor32RobStride_Motor_MIT_SetMotorTypeEh
                0x08000630       0x70 ./Core/Inc/Robstride01.o
                0x08000630                RobStride_Motor::RobStride_Motor_MIT_SetMotorType(unsigned char)
 .text._ZN15RobStride_Motor30RobStride_Motor_MIT_SetMotorIdEh
                0x080006a0       0x70 ./Core/Inc/Robstride01.o
                0x080006a0                RobStride_Motor::RobStride_Motor_MIT_SetMotorId(unsigned char)
 .text._ZN15RobStride_Motor27RobStride_Motor_MIT_ControlEfffff
                0x08000710      0x17c ./Core/Inc/Robstride01.o
                0x08000710                RobStride_Motor::RobStride_Motor_MIT_Control(float, float, float, float, float)
 .text._ZN15RobStride_Motor35RobStride_Motor_MIT_PositionControlEff
                0x0800088c       0x50 ./Core/Inc/Robstride01.o
                0x0800088c                RobStride_Motor::RobStride_Motor_MIT_PositionControl(float, float)
 .text._ZN15RobStride_Motor32RobStride_Motor_MIT_SpeedControlEff
                0x080008dc       0x50 ./Core/Inc/Robstride01.o
                0x080008dc                RobStride_Motor::RobStride_Motor_MIT_SpeedControl(float, float)
 .text._ZN15RobStride_Motor30RobStride_Motor_MIT_SetZeroPosEv
                0x0800092c       0x6c ./Core/Inc/Robstride01.o
                0x0800092c                RobStride_Motor::RobStride_Motor_MIT_SetZeroPos()
 .text._ZN15RobStride_Motor27RobStride_Motor_Pos_controlEff
                0x08000998       0xa6 ./Core/Inc/Robstride01.o
                0x08000998                RobStride_Motor::RobStride_Motor_Pos_control(float, float)
 .text._ZN15RobStride_Motor27RobStride_Motor_CSP_controlEff
                0x08000a3e       0xa4 ./Core/Inc/Robstride01.o
                0x08000a3e                RobStride_Motor::RobStride_Motor_CSP_control(float, float)
 .text._ZN15RobStride_Motor29RobStride_Motor_Speed_controlEff
                0x08000ae2       0x9a ./Core/Inc/Robstride01.o
                0x08000ae2                RobStride_Motor::RobStride_Motor_Speed_control(float, float)
 .text._ZN15RobStride_Motor31RobStride_Motor_current_controlEf
                0x08000b7c       0x66 ./Core/Inc/Robstride01.o
                0x08000b7c                RobStride_Motor::RobStride_Motor_current_control(float)
 *fill*         0x08000be2        0x2 
 .text._ZN15RobStride_Motor12Enable_MotorEv
                0x08000be4       0x5c ./Core/Inc/Robstride01.o
                0x08000be4                RobStride_Motor::Enable_Motor()
 .text._ZN15RobStride_Motor15Disenable_MotorEh
                0x08000c40       0x7c ./Core/Inc/Robstride01.o
                0x08000c40                RobStride_Motor::Disenable_Motor(unsigned char)
 .text._ZN15RobStride_Motor29Set_RobStride_Motor_parameterEtfc
                0x08000cbc       0xc0 ./Core/Inc/Robstride01.o
                0x08000cbc                RobStride_Motor::Set_RobStride_Motor_parameter(unsigned short, float, char)
 .text._ZN15RobStride_Motor29Get_RobStride_Motor_parameterEt
                0x08000d7c       0x64 ./Core/Inc/Robstride01.o
                0x08000d7c                RobStride_Motor::Get_RobStride_Motor_parameter(unsigned short)
 .text._ZN15RobStride_Motor11Set_ZeroPosEv
                0x08000de0       0x60 ./Core/Inc/Robstride01.o
                0x08000de0                RobStride_Motor::Set_ZeroPos()
 .text._ZN15RobStride_Motor29RobStride_Motor_MotorDataSaveEv
                0x08000e40       0x7c ./Core/Inc/Robstride01.o
                0x08000e40                RobStride_Motor::RobStride_Motor_MotorDataSave()
 .text._ZN15RobStride_Motor30RobStride_Motor_BaudRateChangeEh
                0x08000ebc       0x80 ./Core/Inc/Robstride01.o
                0x08000ebc                RobStride_Motor::RobStride_Motor_BaudRateChange(unsigned char)
 .text._ZN15RobStride_Motor38RobStride_Motor_ProactiveEscalationSetEh
                0x08000f3c       0x80 ./Core/Inc/Robstride01.o
                0x08000f3c                RobStride_Motor::RobStride_Motor_ProactiveEscalationSet(unsigned char)
 .text._ZN15RobStride_Motor32RobStride_Motor_MIT_MotorModeSetEh
                0x08000fbc       0x70 ./Core/Inc/Robstride01.o
                0x08000fbc                RobStride_Motor::RobStride_Motor_MIT_MotorModeSet(unsigned char)
 .text._ZN15data_read_writeC2EPKt
                0x0800102c       0xba ./Core/Inc/Robstride01.o
                0x0800102c                data_read_write::data_read_write(unsigned short const*)
                0x0800102c                data_read_write::data_read_write(unsigned short const*)
 *fill*         0x080010e6        0x2 
 .text._ZN15RobStride_Motor28RobStride_Motor_MotorModeSetEh
                0x080010e8       0x80 ./Core/Inc/Robstride01.o
                0x080010e8                RobStride_Motor::RobStride_Motor_MotorModeSet(unsigned char)
 .text._ZL13FDCAN1_Configv
                0x08001168       0xe8 ./Core/Src/main.o
 .text.HAL_FDCAN_RxFifo0Callback
                0x08001250       0x44 ./Core/Src/main.o
                0x08001250                HAL_FDCAN_RxFifo0Callback
 .text.main     0x08001294      0x24c ./Core/Src/main.o
                0x08001294                main
 .text._Z18SystemClock_Configv
                0x080014e0       0x94 ./Core/Src/main.o
                0x080014e0                SystemClock_Config()
 .text._ZL14MX_FDCAN1_Initv
                0x08001574       0x98 ./Core/Src/main.o
 .text._ZL12MX_GPIO_Initv
                0x0800160c       0x30 ./Core/Src/main.o
 .text.Error_Handler
                0x0800163c        0xc ./Core/Src/main.o
                0x0800163c                Error_Handler
 .text._Z41__static_initialization_and_destruction_0v
                0x08001648       0x18 ./Core/Src/main.o
 .text._GLOBAL__sub_I_hfdcan1
                0x08001660        0xa ./Core/Src/main.o
 *fill*         0x0800166a        0x2 
 .text.HAL_MspInit
                0x0800166c       0x48 ./Core/Src/stm32g4xx_hal_msp.o
                0x0800166c                HAL_MspInit
 .text.HAL_FDCAN_MspInit
                0x080016b4       0xc4 ./Core/Src/stm32g4xx_hal_msp.o
                0x080016b4                HAL_FDCAN_MspInit
 .text.NMI_Handler
                0x08001778        0x8 ./Core/Src/stm32g4xx_it.o
                0x08001778                NMI_Handler
 .text.HardFault_Handler
                0x08001780        0x8 ./Core/Src/stm32g4xx_it.o
                0x08001780                HardFault_Handler
 .text.MemManage_Handler
                0x08001788        0x8 ./Core/Src/stm32g4xx_it.o
                0x08001788                MemManage_Handler
 .text.BusFault_Handler
                0x08001790        0x8 ./Core/Src/stm32g4xx_it.o
                0x08001790                BusFault_Handler
 .text.UsageFault_Handler
                0x08001798        0x8 ./Core/Src/stm32g4xx_it.o
                0x08001798                UsageFault_Handler
 .text.SVC_Handler
                0x080017a0        0xe ./Core/Src/stm32g4xx_it.o
                0x080017a0                SVC_Handler
 .text.DebugMon_Handler
                0x080017ae        0xe ./Core/Src/stm32g4xx_it.o
                0x080017ae                DebugMon_Handler
 .text.PendSV_Handler
                0x080017bc        0xe ./Core/Src/stm32g4xx_it.o
                0x080017bc                PendSV_Handler
 .text.SysTick_Handler
                0x080017ca        0xc ./Core/Src/stm32g4xx_it.o
                0x080017ca                SysTick_Handler
 *fill*         0x080017d6        0x2 
 .text.FDCAN1_IT0_IRQHandler
                0x080017d8       0x14 ./Core/Src/stm32g4xx_it.o
                0x080017d8                FDCAN1_IT0_IRQHandler
 .text.SystemInit
                0x080017ec       0x24 ./Core/Src/system_stm32g4xx.o
                0x080017ec                SystemInit
 .text.Reset_Handler
                0x08001810       0x50 ./Core/Startup/startup_stm32g431kbtx.o
                0x08001810                Reset_Handler
 .text.Default_Handler
                0x08001860        0x2 ./Core/Startup/startup_stm32g431kbtx.o
                0x08001860                RTC_Alarm_IRQHandler
                0x08001860                EXTI2_IRQHandler
                0x08001860                TIM8_TRG_COM_IRQHandler
                0x08001860                TIM8_CC_IRQHandler
                0x08001860                TIM1_CC_IRQHandler
                0x08001860                USB_HP_IRQHandler
                0x08001860                CORDIC_IRQHandler
                0x08001860                EXTI3_IRQHandler
                0x08001860                I2C3_ER_IRQHandler
                0x08001860                EXTI0_IRQHandler
                0x08001860                I2C2_EV_IRQHandler
                0x08001860                FPU_IRQHandler
                0x08001860                FDCAN1_IT1_IRQHandler
                0x08001860                TIM1_UP_TIM16_IRQHandler
                0x08001860                ADC1_2_IRQHandler
                0x08001860                SPI1_IRQHandler
                0x08001860                TIM6_DAC_IRQHandler
                0x08001860                TIM8_UP_IRQHandler
                0x08001860                DMA2_Channel2_IRQHandler
                0x08001860                DMA1_Channel4_IRQHandler
                0x08001860                USART3_IRQHandler
                0x08001860                TIM4_IRQHandler
                0x08001860                DMA2_Channel1_IRQHandler
                0x08001860                I2C1_EV_IRQHandler
                0x08001860                DMA1_Channel6_IRQHandler
                0x08001860                UART4_IRQHandler
                0x08001860                DMA2_Channel4_IRQHandler
                0x08001860                TIM3_IRQHandler
                0x08001860                RCC_IRQHandler
                0x08001860                DMA1_Channel1_IRQHandler
                0x08001860                Default_Handler
                0x08001860                RTC_TAMP_LSECSS_IRQHandler
                0x08001860                FMAC_IRQHandler
                0x08001860                EXTI15_10_IRQHandler
                0x08001860                TIM7_IRQHandler
                0x08001860                UCPD1_IRQHandler
                0x08001860                I2C3_EV_IRQHandler
                0x08001860                EXTI9_5_IRQHandler
                0x08001860                RTC_WKUP_IRQHandler
                0x08001860                PVD_PVM_IRQHandler
                0x08001860                SPI2_IRQHandler
                0x08001860                DMA2_Channel5_IRQHandler
                0x08001860                CRS_IRQHandler
                0x08001860                DMA1_Channel5_IRQHandler
                0x08001860                USB_LP_IRQHandler
                0x08001860                EXTI4_IRQHandler
                0x08001860                RNG_IRQHandler
                0x08001860                TIM1_TRG_COM_TIM17_IRQHandler
                0x08001860                DMA1_Channel3_IRQHandler
                0x08001860                WWDG_IRQHandler
                0x08001860                LPUART1_IRQHandler
                0x08001860                DMA2_Channel6_IRQHandler
                0x08001860                TIM2_IRQHandler
                0x08001860                COMP1_2_3_IRQHandler
                0x08001860                EXTI1_IRQHandler
                0x08001860                USART2_IRQHandler
                0x08001860                I2C2_ER_IRQHandler
                0x08001860                DMA1_Channel2_IRQHandler
                0x08001860                TIM8_BRK_IRQHandler
                0x08001860                FLASH_IRQHandler
                0x08001860                USART1_IRQHandler
                0x08001860                SPI3_IRQHandler
                0x08001860                I2C1_ER_IRQHandler
                0x08001860                LPTIM1_IRQHandler
                0x08001860                DMAMUX_OVR_IRQHandler
                0x08001860                USBWakeUp_IRQHandler
                0x08001860                SAI1_IRQHandler
                0x08001860                DMA2_Channel3_IRQHandler
                0x08001860                COMP4_IRQHandler
                0x08001860                TIM1_BRK_TIM15_IRQHandler
 .text.HAL_Init
                0x08001862       0x30 ./Drivers/STM32G4xx_HAL_Driver/Src/stm32g4xx_hal.o
                0x08001862                HAL_Init
 *fill*         0x08001892        0x2 
 .text.HAL_InitTick
                0x08001894       0x74 ./Drivers/STM32G4xx_HAL_Driver/Src/stm32g4xx_hal.o
                0x08001894                HAL_InitTick
 .text.HAL_IncTick
                0x08001908       0x24 ./Drivers/STM32G4xx_HAL_Driver/Src/stm32g4xx_hal.o
                0x08001908                HAL_IncTick
 .text.HAL_GetTick
                0x0800192c       0x18 ./Drivers/STM32G4xx_HAL_Driver/Src/stm32g4xx_hal.o
                0x0800192c                HAL_GetTick
 .text.HAL_Delay
                0x08001944       0x44 ./Drivers/STM32G4xx_HAL_Driver/Src/stm32g4xx_hal.o
                0x08001944                HAL_Delay
 .text.__NVIC_SetPriorityGrouping
                0x08001988       0x48 ./Drivers/STM32G4xx_HAL_Driver/Src/stm32g4xx_hal_cortex.o
 .text.__NVIC_GetPriorityGrouping
                0x080019d0       0x1c ./Drivers/STM32G4xx_HAL_Driver/Src/stm32g4xx_hal_cortex.o
 .text.__NVIC_EnableIRQ
                0x080019ec       0x3c ./Drivers/STM32G4xx_HAL_Driver/Src/stm32g4xx_hal_cortex.o
 .text.__NVIC_SetPriority
                0x08001a28       0x54 ./Drivers/STM32G4xx_HAL_Driver/Src/stm32g4xx_hal_cortex.o
 .text.NVIC_EncodePriority
                0x08001a7c       0x66 ./Drivers/STM32G4xx_HAL_Driver/Src/stm32g4xx_hal_cortex.o
 *fill*         0x08001ae2        0x2 
 .text.SysTick_Config
                0x08001ae4       0x44 ./Drivers/STM32G4xx_HAL_Driver/Src/stm32g4xx_hal_cortex.o
 .text.HAL_NVIC_SetPriorityGrouping
                0x08001b28       0x16 ./Drivers/STM32G4xx_HAL_Driver/Src/stm32g4xx_hal_cortex.o
                0x08001b28                HAL_NVIC_SetPriorityGrouping
 .text.HAL_NVIC_SetPriority
                0x08001b3e       0x34 ./Drivers/STM32G4xx_HAL_Driver/Src/stm32g4xx_hal_cortex.o
                0x08001b3e                HAL_NVIC_SetPriority
 .text.HAL_NVIC_EnableIRQ
                0x08001b72       0x1c ./Drivers/STM32G4xx_HAL_Driver/Src/stm32g4xx_hal_cortex.o
                0x08001b72                HAL_NVIC_EnableIRQ
 .text.HAL_SYSTICK_Config
                0x08001b8e       0x18 ./Drivers/STM32G4xx_HAL_Driver/Src/stm32g4xx_hal_cortex.o
                0x08001b8e                HAL_SYSTICK_Config
 *fill*         0x08001ba6        0x2 
 .text.HAL_FDCAN_Init
                0x08001ba8      0x2b4 ./Drivers/STM32G4xx_HAL_Driver/Src/stm32g4xx_hal_fdcan.o
                0x08001ba8                HAL_FDCAN_Init
 .text.HAL_FDCAN_ConfigFilter
                0x08001e5c       0xb4 ./Drivers/STM32G4xx_HAL_Driver/Src/stm32g4xx_hal_fdcan.o
                0x08001e5c                HAL_FDCAN_ConfigFilter
 .text.HAL_FDCAN_ConfigGlobalFilter
                0x08001f10       0x62 ./Drivers/STM32G4xx_HAL_Driver/Src/stm32g4xx_hal_fdcan.o
                0x08001f10                HAL_FDCAN_ConfigGlobalFilter
 .text.HAL_FDCAN_Start
                0x08001f72       0x50 ./Drivers/STM32G4xx_HAL_Driver/Src/stm32g4xx_hal_fdcan.o
                0x08001f72                HAL_FDCAN_Start
 .text.HAL_FDCAN_AddMessageToTxFifoQ
                0x08001fc2       0x88 ./Drivers/STM32G4xx_HAL_Driver/Src/stm32g4xx_hal_fdcan.o
                0x08001fc2                HAL_FDCAN_AddMessageToTxFifoQ
 *fill*         0x0800204a        0x2 
 .text.HAL_FDCAN_GetRxMessage
                0x0800204c      0x210 ./Drivers/STM32G4xx_HAL_Driver/Src/stm32g4xx_hal_fdcan.o
                0x0800204c                HAL_FDCAN_GetRxMessage
 .text.HAL_FDCAN_ActivateNotification
                0x0800225c      0x1cc ./Drivers/STM32G4xx_HAL_Driver/Src/stm32g4xx_hal_fdcan.o
                0x0800225c                HAL_FDCAN_ActivateNotification
 .text.HAL_FDCAN_IRQHandler
                0x08002428      0x266 ./Drivers/STM32G4xx_HAL_Driver/Src/stm32g4xx_hal_fdcan.o
                0x08002428                HAL_FDCAN_IRQHandler
 .text.HAL_FDCAN_TxEventFifoCallback
                0x0800268e       0x16 ./Drivers/STM32G4xx_HAL_Driver/Src/stm32g4xx_hal_fdcan.o
                0x0800268e                HAL_FDCAN_TxEventFifoCallback
 .text.HAL_FDCAN_RxFifo1Callback
                0x080026a4       0x16 ./Drivers/STM32G4xx_HAL_Driver/Src/stm32g4xx_hal_fdcan.o
                0x080026a4                HAL_FDCAN_RxFifo1Callback
 .text.HAL_FDCAN_TxFifoEmptyCallback
                0x080026ba       0x14 ./Drivers/STM32G4xx_HAL_Driver/Src/stm32g4xx_hal_fdcan.o
                0x080026ba                HAL_FDCAN_TxFifoEmptyCallback
 .text.HAL_FDCAN_TxBufferCompleteCallback
                0x080026ce       0x16 ./Drivers/STM32G4xx_HAL_Driver/Src/stm32g4xx_hal_fdcan.o
                0x080026ce                HAL_FDCAN_TxBufferCompleteCallback
 .text.HAL_FDCAN_TxBufferAbortCallback
                0x080026e4       0x16 ./Drivers/STM32G4xx_HAL_Driver/Src/stm32g4xx_hal_fdcan.o
                0x080026e4                HAL_FDCAN_TxBufferAbortCallback
 .text.HAL_FDCAN_TimestampWraparoundCallback
                0x080026fa       0x14 ./Drivers/STM32G4xx_HAL_Driver/Src/stm32g4xx_hal_fdcan.o
                0x080026fa                HAL_FDCAN_TimestampWraparoundCallback
 .text.HAL_FDCAN_TimeoutOccurredCallback
                0x0800270e       0x14 ./Drivers/STM32G4xx_HAL_Driver/Src/stm32g4xx_hal_fdcan.o
                0x0800270e                HAL_FDCAN_TimeoutOccurredCallback
 .text.HAL_FDCAN_HighPriorityMessageCallback
                0x08002722       0x14 ./Drivers/STM32G4xx_HAL_Driver/Src/stm32g4xx_hal_fdcan.o
                0x08002722                HAL_FDCAN_HighPriorityMessageCallback
 .text.HAL_FDCAN_ErrorCallback
                0x08002736       0x14 ./Drivers/STM32G4xx_HAL_Driver/Src/stm32g4xx_hal_fdcan.o
                0x08002736                HAL_FDCAN_ErrorCallback
 .text.HAL_FDCAN_ErrorStatusCallback
                0x0800274a       0x16 ./Drivers/STM32G4xx_HAL_Driver/Src/stm32g4xx_hal_fdcan.o
                0x0800274a                HAL_FDCAN_ErrorStatusCallback
 .text.FDCAN_CalcultateRamBlockAddresses
                0x08002760       0xac ./Drivers/STM32G4xx_HAL_Driver/Src/stm32g4xx_hal_fdcan.o
 .text.FDCAN_CopyMessageToRAM
                0x0800280c       0xf8 ./Drivers/STM32G4xx_HAL_Driver/Src/stm32g4xx_hal_fdcan.o
 .text.HAL_GPIO_Init
                0x08002904      0x304 ./Drivers/STM32G4xx_HAL_Driver/Src/stm32g4xx_hal_gpio.o
                0x08002904                HAL_GPIO_Init
 .text.HAL_PWREx_ControlVoltageScaling
                0x08002c08      0x148 ./Drivers/STM32G4xx_HAL_Driver/Src/stm32g4xx_hal_pwr_ex.o
                0x08002c08                HAL_PWREx_ControlVoltageScaling
 .text.HAL_PWREx_DisableUCPDDeadBattery
                0x08002d50       0x20 ./Drivers/STM32G4xx_HAL_Driver/Src/stm32g4xx_hal_pwr_ex.o
                0x08002d50                HAL_PWREx_DisableUCPDDeadBattery
 .text.HAL_RCC_OscConfig
                0x08002d70      0x624 ./Drivers/STM32G4xx_HAL_Driver/Src/stm32g4xx_hal_rcc.o
                0x08002d70                HAL_RCC_OscConfig
 .text.HAL_RCC_ClockConfig
                0x08003394      0x278 ./Drivers/STM32G4xx_HAL_Driver/Src/stm32g4xx_hal_rcc.o
                0x08003394                HAL_RCC_ClockConfig
 .text.HAL_RCC_GetSysClockFreq
                0x0800360c       0xc4 ./Drivers/STM32G4xx_HAL_Driver/Src/stm32g4xx_hal_rcc.o
                0x0800360c                HAL_RCC_GetSysClockFreq
 .text.RCC_GetSysClockFreqFromPLLSource
                0x080036d0       0x8c ./Drivers/STM32G4xx_HAL_Driver/Src/stm32g4xx_hal_rcc.o
 .text.HAL_RCCEx_PeriphCLKConfig
                0x0800375c      0x3e0 ./Drivers/STM32G4xx_HAL_Driver/Src/stm32g4xx_hal_rcc_ex.o
                0x0800375c                HAL_RCCEx_PeriphCLKConfig
 .text.memset   0x08003b3c       0x10 C:/ST/STM32CubeIDE_1.15.1/STM32CubeIDE/plugins/com.st.stm32cube.ide.mcu.externaltools.gnu-tools-for-stm32.13.3.rel1.win32_1.0.0.202411081344/tools/bin/../lib/gcc/arm-none-eabi/13.3.1/../../../../arm-none-eabi/lib/thumb/v7e-m+fp/hard\libc_nano.a(libc_a-memset.o)
                0x08003b3c                memset
 .text.__libc_init_array
                0x08003b4c       0x48 C:/ST/STM32CubeIDE_1.15.1/STM32CubeIDE/plugins/com.st.stm32cube.ide.mcu.externaltools.gnu-tools-for-stm32.13.3.rel1.win32_1.0.0.202411081344/tools/bin/../lib/gcc/arm-none-eabi/13.3.1/../../../../arm-none-eabi/lib/thumb/v7e-m+fp/hard\libc_nano.a(libc_a-init.o)
                0x08003b4c                __libc_init_array
 *(.glue_7)
 .glue_7        0x08003b94        0x0 linker stubs
 *(.glue_7t)
 .glue_7t       0x08003b94        0x0 linker stubs
 *(.eh_frame)
 .eh_frame      0x08003b94        0x0 C:/ST/STM32CubeIDE_1.15.1/STM32CubeIDE/plugins/com.st.stm32cube.ide.mcu.externaltools.gnu-tools-for-stm32.13.3.rel1.win32_1.0.0.202411081344/tools/bin/../lib/gcc/arm-none-eabi/13.3.1/thumb/v7e-m+fp/hard/crtbegin.o
 *(.init)
 .init          0x08003b94        0x4 C:/ST/STM32CubeIDE_1.15.1/STM32CubeIDE/plugins/com.st.stm32cube.ide.mcu.externaltools.gnu-tools-for-stm32.13.3.rel1.win32_1.0.0.202411081344/tools/bin/../lib/gcc/arm-none-eabi/13.3.1/thumb/v7e-m+fp/hard/crti.o
                0x08003b94                _init
 .init          0x08003b98        0x8 C:/ST/STM32CubeIDE_1.15.1/STM32CubeIDE/plugins/com.st.stm32cube.ide.mcu.externaltools.gnu-tools-for-stm32.13.3.rel1.win32_1.0.0.202411081344/tools/bin/../lib/gcc/arm-none-eabi/13.3.1/thumb/v7e-m+fp/hard/crtn.o
 *(.fini)
 .fini          0x08003ba0        0x4 C:/ST/STM32CubeIDE_1.15.1/STM32CubeIDE/plugins/com.st.stm32cube.ide.mcu.externaltools.gnu-tools-for-stm32.13.3.rel1.win32_1.0.0.202411081344/tools/bin/../lib/gcc/arm-none-eabi/13.3.1/thumb/v7e-m+fp/hard/crti.o
                0x08003ba0                _fini
 .fini          0x08003ba4        0x8 C:/ST/STM32CubeIDE_1.15.1/STM32CubeIDE/plugins/com.st.stm32cube.ide.mcu.externaltools.gnu-tools-for-stm32.13.3.rel1.win32_1.0.0.202411081344/tools/bin/../lib/gcc/arm-none-eabi/13.3.1/thumb/v7e-m+fp/hard/crtn.o
                0x08003bac                        . = ALIGN (0x4)
                0x08003bac                        _etext = .

.vfp11_veneer   0x08003bac        0x0
 .vfp11_veneer  0x08003bac        0x0 linker stubs

.v4_bx          0x08003bac        0x0
 .v4_bx         0x08003bac        0x0 linker stubs

.iplt           0x08003bac        0x0
 .iplt          0x08003bac        0x0 C:/ST/STM32CubeIDE_1.15.1/STM32CubeIDE/plugins/com.st.stm32cube.ide.mcu.externaltools.gnu-tools-for-stm32.13.3.rel1.win32_1.0.0.202411081344/tools/bin/../lib/gcc/arm-none-eabi/13.3.1/thumb/v7e-m+fp/hard/crtbegin.o

.rodata         0x08003bac       0x40
                0x08003bac                        . = ALIGN (0x4)
 *(.rodata)
 *(.rodata*)
 .rodata._ZL10Index_List
                0x08003bac       0x1e ./Core/Inc/Robstride01.o
 *fill*         0x08003bca        0x2 
 .rodata.AHBPrescTable
                0x08003bcc       0x10 ./Core/Src/system_stm32g4xx.o
                0x08003bcc                AHBPrescTable
 .rodata.DLCtoBytes
                0x08003bdc       0x10 ./Drivers/STM32G4xx_HAL_Driver/Src/stm32g4xx_hal_fdcan.o
                0x08003bec                        . = ALIGN (0x4)

.ARM.extab      0x08003bec        0x0
                0x08003bec                        . = ALIGN (0x4)
 *(.ARM.extab* .gnu.linkonce.armextab.*)
                0x08003bec                        . = ALIGN (0x4)

.ARM            0x08003bec        0x0
                0x08003bec                        . = ALIGN (0x4)
                0x08003bec                        __exidx_start = .
 *(.ARM.exidx*)
                0x08003bec                        __exidx_end = .
                0x08003bec                        . = ALIGN (0x4)

.preinit_array  0x08003bec        0x0
                0x08003bec                        . = ALIGN (0x4)
                0x08003bec                        PROVIDE (__preinit_array_start = .)
 *(.preinit_array*)
                0x08003bec                        PROVIDE (__preinit_array_end = .)
                0x08003bec                        . = ALIGN (0x4)

.init_array     0x08003bec        0x8
                0x08003bec                        . = ALIGN (0x4)
                0x08003bec                        PROVIDE (__init_array_start = .)
 *(SORT_BY_NAME(.init_array.*))
 *(.init_array*)
 .init_array    0x08003bec        0x4 C:/ST/STM32CubeIDE_1.15.1/STM32CubeIDE/plugins/com.st.stm32cube.ide.mcu.externaltools.gnu-tools-for-stm32.13.3.rel1.win32_1.0.0.202411081344/tools/bin/../lib/gcc/arm-none-eabi/13.3.1/thumb/v7e-m+fp/hard/crtbegin.o
 .init_array    0x08003bf0        0x4 ./Core/Src/main.o
                0x08003bf4                        PROVIDE (__init_array_end = .)
                0x08003bf4                        . = ALIGN (0x4)

.fini_array     0x08003bf4        0x4
                0x08003bf4                        . = ALIGN (0x4)
                [!provide]                        PROVIDE (__fini_array_start = .)
 *(SORT_BY_NAME(.fini_array.*))
 *(.fini_array*)
 .fini_array    0x08003bf4        0x4 C:/ST/STM32CubeIDE_1.15.1/STM32CubeIDE/plugins/com.st.stm32cube.ide.mcu.externaltools.gnu-tools-for-stm32.13.3.rel1.win32_1.0.0.202411081344/tools/bin/../lib/gcc/arm-none-eabi/13.3.1/thumb/v7e-m+fp/hard/crtbegin.o
                [!provide]                        PROVIDE (__fini_array_end = .)
                0x08003bf8                        . = ALIGN (0x4)
                0x08003bf8                        _sidata = LOADADDR (.data)

.rel.dyn        0x08003bf8        0x0
 .rel.iplt      0x08003bf8        0x0 C:/ST/STM32CubeIDE_1.15.1/STM32CubeIDE/plugins/com.st.stm32cube.ide.mcu.externaltools.gnu-tools-for-stm32.13.3.rel1.win32_1.0.0.202411081344/tools/bin/../lib/gcc/arm-none-eabi/13.3.1/thumb/v7e-m+fp/hard/crtbegin.o

.data           0x20000000       0x10 load address 0x08003bf8
                0x20000000                        . = ALIGN (0x4)
                0x20000000                        _sdata = .
 *(.data)
 *(.data*)
 .data.mode     0x20000000        0x1 ./Core/Src/main.o
                0x20000000                mode
 .data.torque   0x20000001        0x1 ./Core/Src/main.o
                0x20000001                torque
 *fill*         0x20000002        0x2 
 .data.SystemCoreClock
                0x20000004        0x4 ./Core/Src/system_stm32g4xx.o
                0x20000004                SystemCoreClock
 .data.uwTickPrio
                0x20000008        0x4 ./Drivers/STM32G4xx_HAL_Driver/Src/stm32g4xx_hal.o
                0x20000008                uwTickPrio
 .data.uwTickFreq
                0x2000000c        0x4 ./Drivers/STM32G4xx_HAL_Driver/Src/stm32g4xx_hal.o
                0x2000000c                uwTickFreq
 *(.RamFunc)
 *(.RamFunc*)
                0x20000010                        . = ALIGN (0x4)
                0x20000010                        _edata = .

.igot.plt       0x20000010        0x0 load address 0x08003c08
 .igot.plt      0x20000010        0x0 C:/ST/STM32CubeIDE_1.15.1/STM32CubeIDE/plugins/com.st.stm32cube.ide.mcu.externaltools.gnu-tools-for-stm32.13.3.rel1.win32_1.0.0.202411081344/tools/bin/../lib/gcc/arm-none-eabi/13.3.1/thumb/v7e-m+fp/hard/crtbegin.o
                0x20000010                        . = ALIGN (0x4)

.bss            0x20000010      0x194 load address 0x08003c08
                0x20000010                        _sbss = .
                0x20000010                        __bss_start__ = _sbss
 *(.bss)
 .bss           0x20000010       0x1c C:/ST/STM32CubeIDE_1.15.1/STM32CubeIDE/plugins/com.st.stm32cube.ide.mcu.externaltools.gnu-tools-for-stm32.13.3.rel1.win32_1.0.0.202411081344/tools/bin/../lib/gcc/arm-none-eabi/13.3.1/thumb/v7e-m+fp/hard/crtbegin.o
 *(.bss*)
 .bss.hfdcan1   0x2000002c       0x64 ./Core/Src/main.o
                0x2000002c                hfdcan1
 .bss.TxHeader  0x20000090       0x24 ./Core/Src/main.o
                0x20000090                TxHeader
 .bss.RxData    0x200000b4        0x8 ./Core/Src/main.o
                0x200000b4                RxData
 *fill*         0x200000bc        0x4 
 .bss.RobStride_01
                0x200000c0       0xe0 ./Core/Src/main.o
                0x200000c0                RobStride_01
 .bss.uwTick    0x200001a0        0x4 ./Drivers/STM32G4xx_HAL_Driver/Src/stm32g4xx_hal.o
                0x200001a0                uwTick
 *(COMMON)
                0x200001a4                        . = ALIGN (0x4)
                0x200001a4                        _ebss = .
                0x200001a4                        __bss_end__ = _ebss

._user_heap_stack
                0x200001a4      0x604 load address 0x08003c08
                0x200001a8                        . = ALIGN (0x8)
 *fill*         0x200001a4        0x4 
                [!provide]                        PROVIDE (end = .)
                0x200001a8                        PROVIDE (_end = .)
                0x200003a8                        . = (. + _Min_Heap_Size)
 *fill*         0x200001a8      0x200 
                0x200007a8                        . = (. + _Min_Stack_Size)
 *fill*         0x200003a8      0x400 
                0x200007a8                        . = ALIGN (0x8)

/DISCARD/
 libc.a(*)
 libm.a(*)
 libgcc.a(*)

.ARM.attributes
                0x00000000       0x30
 *(.ARM.attributes)
 .ARM.attributes
                0x00000000       0x22 C:/ST/STM32CubeIDE_1.15.1/STM32CubeIDE/plugins/com.st.stm32cube.ide.mcu.externaltools.gnu-tools-for-stm32.13.3.rel1.win32_1.0.0.202411081344/tools/bin/../lib/gcc/arm-none-eabi/13.3.1/thumb/v7e-m+fp/hard/crti.o
 .ARM.attributes
                0x00000022       0x34 C:/ST/STM32CubeIDE_1.15.1/STM32CubeIDE/plugins/com.st.stm32cube.ide.mcu.externaltools.gnu-tools-for-stm32.13.3.rel1.win32_1.0.0.202411081344/tools/bin/../lib/gcc/arm-none-eabi/13.3.1/thumb/v7e-m+fp/hard/crtbegin.o
 .ARM.attributes
                0x00000056       0x34 ./Core/Inc/Robstride01.o
 .ARM.attributes
                0x0000008a       0x34 ./Core/Src/main.o
 .ARM.attributes
                0x000000be       0x34 ./Core/Src/stm32g4xx_hal_msp.o
 .ARM.attributes
                0x000000f2       0x34 ./Core/Src/stm32g4xx_it.o
 .ARM.attributes
                0x00000126       0x34 ./Core/Src/system_stm32g4xx.o
 .ARM.attributes
                0x0000015a       0x21 ./Core/Startup/startup_stm32g431kbtx.o
 .ARM.attributes
                0x0000017b       0x34 ./Drivers/STM32G4xx_HAL_Driver/Src/stm32g4xx_hal.o
 .ARM.attributes
                0x000001af       0x34 ./Drivers/STM32G4xx_HAL_Driver/Src/stm32g4xx_hal_cortex.o
 .ARM.attributes
                0x000001e3       0x34 ./Drivers/STM32G4xx_HAL_Driver/Src/stm32g4xx_hal_fdcan.o
 .ARM.attributes
                0x00000217       0x34 ./Drivers/STM32G4xx_HAL_Driver/Src/stm32g4xx_hal_gpio.o
 .ARM.attributes
                0x0000024b       0x34 ./Drivers/STM32G4xx_HAL_Driver/Src/stm32g4xx_hal_pwr_ex.o
 .ARM.attributes
                0x0000027f       0x34 ./Drivers/STM32G4xx_HAL_Driver/Src/stm32g4xx_hal_rcc.o
 .ARM.attributes
                0x000002b3       0x34 ./Drivers/STM32G4xx_HAL_Driver/Src/stm32g4xx_hal_rcc_ex.o
 .ARM.attributes
                0x000002e7       0x34 C:/ST/STM32CubeIDE_1.15.1/STM32CubeIDE/plugins/com.st.stm32cube.ide.mcu.externaltools.gnu-tools-for-stm32.13.3.rel1.win32_1.0.0.202411081344/tools/bin/../lib/gcc/arm-none-eabi/13.3.1/../../../../arm-none-eabi/lib/thumb/v7e-m+fp/hard\libc_nano.a(libc_a-memset.o)
 .ARM.attributes
                0x0000031b       0x34 C:/ST/STM32CubeIDE_1.15.1/STM32CubeIDE/plugins/com.st.stm32cube.ide.mcu.externaltools.gnu-tools-for-stm32.13.3.rel1.win32_1.0.0.202411081344/tools/bin/../lib/gcc/arm-none-eabi/13.3.1/../../../../arm-none-eabi/lib/thumb/v7e-m+fp/hard\libc_nano.a(libc_a-init.o)
 .ARM.attributes
                0x0000034f       0x22 C:/ST/STM32CubeIDE_1.15.1/STM32CubeIDE/plugins/com.st.stm32cube.ide.mcu.externaltools.gnu-tools-for-stm32.13.3.rel1.win32_1.0.0.202411081344/tools/bin/../lib/gcc/arm-none-eabi/13.3.1/thumb/v7e-m+fp/hard/crtn.o
OUTPUT(G4_ROBSTRIDE05_cpp.elf elf32-littlearm)
LOAD linker stubs
LOAD C:/ST/STM32CubeIDE_1.15.1/STM32CubeIDE/plugins/com.st.stm32cube.ide.mcu.externaltools.gnu-tools-for-stm32.13.3.rel1.win32_1.0.0.202411081344/tools/bin/../lib/gcc/arm-none-eabi/13.3.1/../../../../arm-none-eabi/lib/thumb/v7e-m+fp/hard\libc.a
LOAD C:/ST/STM32CubeIDE_1.15.1/STM32CubeIDE/plugins/com.st.stm32cube.ide.mcu.externaltools.gnu-tools-for-stm32.13.3.rel1.win32_1.0.0.202411081344/tools/bin/../lib/gcc/arm-none-eabi/13.3.1/../../../../arm-none-eabi/lib/thumb/v7e-m+fp/hard\libm.a
LOAD C:/ST/STM32CubeIDE_1.15.1/STM32CubeIDE/plugins/com.st.stm32cube.ide.mcu.externaltools.gnu-tools-for-stm32.13.3.rel1.win32_1.0.0.202411081344/tools/bin/../lib/gcc/arm-none-eabi/13.3.1/thumb/v7e-m+fp/hard\libgcc.a

.debug_info     0x00000000     0xa2d1
 .debug_info    0x00000000     0x1a8a ./Core/Inc/Robstride01.o
 .debug_info    0x00001a8a     0x162c ./Core/Src/main.o
 .debug_info    0x000030b6      0xd68 ./Core/Src/stm32g4xx_hal_msp.o
 .debug_info    0x00003e1e      0x606 ./Core/Src/stm32g4xx_it.o
 .debug_info    0x00004424      0x58e ./Core/Src/system_stm32g4xx.o
 .debug_info    0x000049b2       0x30 ./Core/Startup/startup_stm32g431kbtx.o
 .debug_info    0x000049e2      0xadb ./Drivers/STM32G4xx_HAL_Driver/Src/stm32g4xx_hal.o
 .debug_info    0x000054bd      0xd3f ./Drivers/STM32G4xx_HAL_Driver/Src/stm32g4xx_hal_cortex.o
 .debug_info    0x000061fc     0x189c ./Drivers/STM32G4xx_HAL_Driver/Src/stm32g4xx_hal_fdcan.o
 .debug_info    0x00007a98      0x763 ./Drivers/STM32G4xx_HAL_Driver/Src/stm32g4xx_hal_gpio.o
 .debug_info    0x000081fb      0x93f ./Drivers/STM32G4xx_HAL_Driver/Src/stm32g4xx_hal_pwr_ex.o
 .debug_info    0x00008b3a      0xb82 ./Drivers/STM32G4xx_HAL_Driver/Src/stm32g4xx_hal_rcc.o
 .debug_info    0x000096bc      0xc15 ./Drivers/STM32G4xx_HAL_Driver/Src/stm32g4xx_hal_rcc_ex.o

.debug_abbrev   0x00000000     0x1ca4
 .debug_abbrev  0x00000000      0x3e5 ./Core/Inc/Robstride01.o
 .debug_abbrev  0x000003e5      0x3d8 ./Core/Src/main.o
 .debug_abbrev  0x000007bd      0x1c2 ./Core/Src/stm32g4xx_hal_msp.o
 .debug_abbrev  0x0000097f      0x15b ./Core/Src/stm32g4xx_it.o
 .debug_abbrev  0x00000ada      0x11a ./Core/Src/system_stm32g4xx.o
 .debug_abbrev  0x00000bf4       0x24 ./Core/Startup/startup_stm32g431kbtx.o
 .debug_abbrev  0x00000c18      0x271 ./Drivers/STM32G4xx_HAL_Driver/Src/stm32g4xx_hal.o
 .debug_abbrev  0x00000e89      0x31c ./Drivers/STM32G4xx_HAL_Driver/Src/stm32g4xx_hal_cortex.o
 .debug_abbrev  0x000011a5      0x1e7 ./Drivers/STM32G4xx_HAL_Driver/Src/stm32g4xx_hal_fdcan.o
 .debug_abbrev  0x0000138c      0x1cb ./Drivers/STM32G4xx_HAL_Driver/Src/stm32g4xx_hal_gpio.o
 .debug_abbrev  0x00001557      0x22c ./Drivers/STM32G4xx_HAL_Driver/Src/stm32g4xx_hal_pwr_ex.o
 .debug_abbrev  0x00001783      0x2c9 ./Drivers/STM32G4xx_HAL_Driver/Src/stm32g4xx_hal_rcc.o
 .debug_abbrev  0x00001a4c      0x258 ./Drivers/STM32G4xx_HAL_Driver/Src/stm32g4xx_hal_rcc_ex.o

.debug_aranges  0x00000000      0x9d0
 .debug_aranges
                0x00000000      0x130 ./Core/Inc/Robstride01.o
 .debug_aranges
                0x00000130       0x60 ./Core/Src/main.o
 .debug_aranges
                0x00000190       0x30 ./Core/Src/stm32g4xx_hal_msp.o
 .debug_aranges
                0x000001c0       0x68 ./Core/Src/stm32g4xx_it.o
 .debug_aranges
                0x00000228       0x28 ./Core/Src/system_stm32g4xx.o
 .debug_aranges
                0x00000250       0x28 ./Core/Startup/startup_stm32g431kbtx.o
 .debug_aranges
                0x00000278      0x148 ./Drivers/STM32G4xx_HAL_Driver/Src/stm32g4xx_hal.o
 .debug_aranges
                0x000003c0      0x128 ./Drivers/STM32G4xx_HAL_Driver/Src/stm32g4xx_hal_cortex.o
 .debug_aranges
                0x000004e8      0x208 ./Drivers/STM32G4xx_HAL_Driver/Src/stm32g4xx_hal_fdcan.o
 .debug_aranges
                0x000006f0       0x58 ./Drivers/STM32G4xx_HAL_Driver/Src/stm32g4xx_hal_gpio.o
 .debug_aranges
                0x00000748      0x140 ./Drivers/STM32G4xx_HAL_Driver/Src/stm32g4xx_hal_pwr_ex.o
 .debug_aranges
                0x00000888       0x98 ./Drivers/STM32G4xx_HAL_Driver/Src/stm32g4xx_hal_rcc.o
 .debug_aranges
                0x00000920       0xb0 ./Drivers/STM32G4xx_HAL_Driver/Src/stm32g4xx_hal_rcc_ex.o

.debug_rnglists
                0x00000000      0x752
 .debug_rnglists
                0x00000000       0xec ./Core/Inc/Robstride01.o
 .debug_rnglists
                0x000000ec       0x47 ./Core/Src/main.o
 .debug_rnglists
                0x00000133       0x20 ./Core/Src/stm32g4xx_hal_msp.o
 .debug_rnglists
                0x00000153       0x49 ./Core/Src/stm32g4xx_it.o
 .debug_rnglists
                0x0000019c       0x1a ./Core/Src/system_stm32g4xx.o
 .debug_rnglists
                0x000001b6       0x19 ./Core/Startup/startup_stm32g431kbtx.o
 .debug_rnglists
                0x000001cf       0xf1 ./Drivers/STM32G4xx_HAL_Driver/Src/stm32g4xx_hal.o
 .debug_rnglists
                0x000002c0       0xda ./Drivers/STM32G4xx_HAL_Driver/Src/stm32g4xx_hal_cortex.o
 .debug_rnglists
                0x0000039a      0x18d ./Drivers/STM32G4xx_HAL_Driver/Src/stm32g4xx_hal_fdcan.o
 .debug_rnglists
                0x00000527       0x3f ./Drivers/STM32G4xx_HAL_Driver/Src/stm32g4xx_hal_gpio.o
 .debug_rnglists
                0x00000566       0xf1 ./Drivers/STM32G4xx_HAL_Driver/Src/stm32g4xx_hal_pwr_ex.o
 .debug_rnglists
                0x00000657       0x74 ./Drivers/STM32G4xx_HAL_Driver/Src/stm32g4xx_hal_rcc.o
 .debug_rnglists
                0x000006cb       0x87 ./Drivers/STM32G4xx_HAL_Driver/Src/stm32g4xx_hal_rcc_ex.o

.debug_macro    0x00000000    0x1e854
 .debug_macro   0x00000000      0x2d8 ./Core/Inc/Robstride01.o
 .debug_macro   0x000002d8      0xbb0 ./Core/Inc/Robstride01.o
 .debug_macro   0x00000e88      0x155 ./Core/Inc/Robstride01.o
 .debug_macro   0x00000fdd       0x2e ./Core/Inc/Robstride01.o
 .debug_macro   0x0000100b       0x28 ./Core/Inc/Robstride01.o
 .debug_macro   0x00001033       0x1c ./Core/Inc/Robstride01.o
 .debug_macro   0x0000104f       0x22 ./Core/Inc/Robstride01.o
 .debug_macro   0x00001071       0x8e ./Core/Inc/Robstride01.o
 .debug_macro   0x000010ff       0x51 ./Core/Inc/Robstride01.o
 .debug_macro   0x00001150      0x103 ./Core/Inc/Robstride01.o
 .debug_macro   0x00001253       0x6a ./Core/Inc/Robstride01.o
 .debug_macro   0x000012bd      0x1df ./Core/Inc/Robstride01.o
 .debug_macro   0x0000149c       0x1c ./Core/Inc/Robstride01.o
 .debug_macro   0x000014b8       0x22 ./Core/Inc/Robstride01.o
 .debug_macro   0x000014da       0xfb ./Core/Inc/Robstride01.o
 .debug_macro   0x000015d5     0x1011 ./Core/Inc/Robstride01.o
 .debug_macro   0x000025e6      0x11f ./Core/Inc/Robstride01.o
 .debug_macro   0x00002705    0x1138f ./Core/Inc/Robstride01.o
 .debug_macro   0x00013a94       0x6d ./Core/Inc/Robstride01.o
 .debug_macro   0x00013b01     0x3558 ./Core/Inc/Robstride01.o
 .debug_macro   0x00017059      0x197 ./Core/Inc/Robstride01.o
 .debug_macro   0x000171f0       0x5c ./Core/Inc/Robstride01.o
 .debug_macro   0x0001724c     0x141d ./Core/Inc/Robstride01.o
 .debug_macro   0x00018669      0x535 ./Core/Inc/Robstride01.o
 .debug_macro   0x00018b9e      0x1b6 ./Core/Inc/Robstride01.o
 .debug_macro   0x00018d54      0x288 ./Core/Inc/Robstride01.o
 .debug_macro   0x00018fdc      0x41d ./Core/Inc/Robstride01.o
 .debug_macro   0x000193f9      0x18b ./Core/Inc/Robstride01.o
 .debug_macro   0x00019584       0x43 ./Core/Inc/Robstride01.o
 .debug_macro   0x000195c7      0x23d ./Core/Inc/Robstride01.o
 .debug_macro   0x00019804      0x211 ./Core/Inc/Robstride01.o
 .debug_macro   0x00019a15      0x6bd ./Core/Inc/Robstride01.o
 .debug_macro   0x0001a0d2      0x401 ./Core/Inc/Robstride01.o
 .debug_macro   0x0001a4d3      0x107 ./Core/Inc/Robstride01.o
 .debug_macro   0x0001a5da      0x122 ./Core/Inc/Robstride01.o
 .debug_macro   0x0001a6fc      0x3d1 ./Core/Inc/Robstride01.o
 .debug_macro   0x0001aacd      0x306 ./Core/Inc/Robstride01.o
 .debug_macro   0x0001add3       0x8e ./Core/Inc/Robstride01.o
 .debug_macro   0x0001ae61       0x61 ./Core/Inc/Robstride01.o
 .debug_macro   0x0001aec2       0x2a ./Core/Inc/Robstride01.o
 .debug_macro   0x0001aeec       0x43 ./Core/Inc/Robstride01.o
 .debug_macro   0x0001af2f       0x34 ./Core/Inc/Robstride01.o
 .debug_macro   0x0001af63      0x38c ./Core/Inc/Robstride01.o
 .debug_macro   0x0001b2ef       0x16 ./Core/Inc/Robstride01.o
 .debug_macro   0x0001b305       0x4a ./Core/Inc/Robstride01.o
 .debug_macro   0x0001b34f       0x34 ./Core/Inc/Robstride01.o
 .debug_macro   0x0001b383       0x10 ./Core/Inc/Robstride01.o
 .debug_macro   0x0001b393       0x58 ./Core/Inc/Robstride01.o
 .debug_macro   0x0001b3eb       0x8e ./Core/Inc/Robstride01.o
 .debug_macro   0x0001b479       0x16 ./Core/Inc/Robstride01.o
 .debug_macro   0x0001b48f      0x185 ./Core/Inc/Robstride01.o
 .debug_macro   0x0001b614       0x10 ./Core/Inc/Robstride01.o
 .debug_macro   0x0001b624       0x3c ./Core/Inc/Robstride01.o
 .debug_macro   0x0001b660       0x20 ./Core/Inc/Robstride01.o
 .debug_macro   0x0001b680      0x1d2 ./Core/Src/main.o
 .debug_macro   0x0001b852       0x8e ./Core/Src/main.o
 .debug_macro   0x0001b8e0      0x1ba ./Core/Src/stm32g4xx_hal_msp.o
 .debug_macro   0x0001ba9a      0xad8 ./Core/Src/stm32g4xx_hal_msp.o
 .debug_macro   0x0001c572     0x1011 ./Core/Src/stm32g4xx_hal_msp.o
 .debug_macro   0x0001d583      0x190 ./Core/Src/stm32g4xx_hal_msp.o
 .debug_macro   0x0001d713      0x1c4 ./Core/Src/stm32g4xx_it.o
 .debug_macro   0x0001d8d7      0x1b0 ./Core/Src/system_stm32g4xx.o
 .debug_macro   0x0001da87      0x1fe ./Drivers/STM32G4xx_HAL_Driver/Src/stm32g4xx_hal.o
 .debug_macro   0x0001dc85      0x1b0 ./Drivers/STM32G4xx_HAL_Driver/Src/stm32g4xx_hal_cortex.o
 .debug_macro   0x0001de35      0x2c2 ./Drivers/STM32G4xx_HAL_Driver/Src/stm32g4xx_hal_fdcan.o
 .debug_macro   0x0001e0f7      0x1b7 ./Drivers/STM32G4xx_HAL_Driver/Src/stm32g4xx_hal_gpio.o
 .debug_macro   0x0001e2ae      0x1da ./Drivers/STM32G4xx_HAL_Driver/Src/stm32g4xx_hal_pwr_ex.o
 .debug_macro   0x0001e488      0x1f2 ./Drivers/STM32G4xx_HAL_Driver/Src/stm32g4xx_hal_rcc.o
 .debug_macro   0x0001e67a      0x1da ./Drivers/STM32G4xx_HAL_Driver/Src/stm32g4xx_hal_rcc_ex.o

.debug_line     0x00000000     0x9e12
 .debug_line    0x00000000     0x13a7 ./Core/Inc/Robstride01.o
 .debug_line    0x000013a7      0x9d8 ./Core/Src/main.o
 .debug_line    0x00001d7f      0x77f ./Core/Src/stm32g4xx_hal_msp.o
 .debug_line    0x000024fe      0x7dd ./Core/Src/stm32g4xx_it.o
 .debug_line    0x00002cdb      0x783 ./Core/Src/system_stm32g4xx.o
 .debug_line    0x0000345e       0x7b ./Core/Startup/startup_stm32g431kbtx.o
 .debug_line    0x000034d9      0xb4f ./Drivers/STM32G4xx_HAL_Driver/Src/stm32g4xx_hal.o
 .debug_line    0x00004028      0xcb4 ./Drivers/STM32G4xx_HAL_Driver/Src/stm32g4xx_hal_cortex.o
 .debug_line    0x00004cdc     0x1890 ./Drivers/STM32G4xx_HAL_Driver/Src/stm32g4xx_hal_fdcan.o
 .debug_line    0x0000656c      0xb28 ./Drivers/STM32G4xx_HAL_Driver/Src/stm32g4xx_hal_gpio.o
 .debug_line    0x00007094      0xcae ./Drivers/STM32G4xx_HAL_Driver/Src/stm32g4xx_hal_pwr_ex.o
 .debug_line    0x00007d42      0xfd2 ./Drivers/STM32G4xx_HAL_Driver/Src/stm32g4xx_hal_rcc.o
 .debug_line    0x00008d14     0x10fe ./Drivers/STM32G4xx_HAL_Driver/Src/stm32g4xx_hal_rcc_ex.o

.debug_str      0x00000000    0xb6553
 .debug_str     0x00000000    0xb6553 ./Core/Inc/Robstride01.o
                              0xb3065 (size before relaxing)
 .debug_str     0x000b6553    0xb00cb ./Core/Src/main.o
 .debug_str     0x000b6553    0xaee21 ./Core/Src/stm32g4xx_hal_msp.o
 .debug_str     0x000b6553    0xae669 ./Core/Src/stm32g4xx_it.o
 .debug_str     0x000b6553    0xae42f ./Core/Src/system_stm32g4xx.o
 .debug_str     0x000b6553       0x87 ./Core/Startup/startup_stm32g431kbtx.o
 .debug_str     0x000b6553    0xaef6e ./Drivers/STM32G4xx_HAL_Driver/Src/stm32g4xx_hal.o
 .debug_str     0x000b6553    0xaec2a ./Drivers/STM32G4xx_HAL_Driver/Src/stm32g4xx_hal_cortex.o
 .debug_str     0x000b6553    0xaf9de ./Drivers/STM32G4xx_HAL_Driver/Src/stm32g4xx_hal_fdcan.o
 .debug_str     0x000b6553    0xae5ba ./Drivers/STM32G4xx_HAL_Driver/Src/stm32g4xx_hal_gpio.o
 .debug_str     0x000b6553    0xae91d ./Drivers/STM32G4xx_HAL_Driver/Src/stm32g4xx_hal_pwr_ex.o
 .debug_str     0x000b6553    0xaeb28 ./Drivers/STM32G4xx_HAL_Driver/Src/stm32g4xx_hal_rcc.o
 .debug_str     0x000b6553    0xaeb29 ./Drivers/STM32G4xx_HAL_Driver/Src/stm32g4xx_hal_rcc_ex.o

.comment        0x00000000       0x43
 .comment       0x00000000       0x43 ./Core/Inc/Robstride01.o
                                 0x44 (size before relaxing)
 .comment       0x00000043       0x44 ./Core/Src/main.o
 .comment       0x00000043       0x44 ./Core/Src/stm32g4xx_hal_msp.o
 .comment       0x00000043       0x44 ./Core/Src/stm32g4xx_it.o
 .comment       0x00000043       0x44 ./Core/Src/system_stm32g4xx.o
 .comment       0x00000043       0x44 ./Drivers/STM32G4xx_HAL_Driver/Src/stm32g4xx_hal.o
 .comment       0x00000043       0x44 ./Drivers/STM32G4xx_HAL_Driver/Src/stm32g4xx_hal_cortex.o
 .comment       0x00000043       0x44 ./Drivers/STM32G4xx_HAL_Driver/Src/stm32g4xx_hal_fdcan.o
 .comment       0x00000043       0x44 ./Drivers/STM32G4xx_HAL_Driver/Src/stm32g4xx_hal_gpio.o
 .comment       0x00000043       0x44 ./Drivers/STM32G4xx_HAL_Driver/Src/stm32g4xx_hal_pwr_ex.o
 .comment       0x00000043       0x44 ./Drivers/STM32G4xx_HAL_Driver/Src/stm32g4xx_hal_rcc.o
 .comment       0x00000043       0x44 ./Drivers/STM32G4xx_HAL_Driver/Src/stm32g4xx_hal_rcc_ex.o

.debug_frame    0x00000000     0x2750
 .debug_frame   0x00000000      0x518 ./Core/Inc/Robstride01.o
 .debug_frame   0x00000518      0x130 ./Core/Src/main.o
 .debug_frame   0x00000648       0x7c ./Core/Src/stm32g4xx_hal_msp.o
 .debug_frame   0x000006c4      0x120 ./Core/Src/stm32g4xx_it.o
 .debug_frame   0x000007e4       0x58 ./Core/Src/system_stm32g4xx.o
 .debug_frame   0x0000083c      0x500 ./Drivers/STM32G4xx_HAL_Driver/Src/stm32g4xx_hal.o
 .debug_frame   0x00000d3c      0x4e8 ./Drivers/STM32G4xx_HAL_Driver/Src/stm32g4xx_hal_cortex.o
 .debug_frame   0x00001224      0x9b0 ./Drivers/STM32G4xx_HAL_Driver/Src/stm32g4xx_hal_fdcan.o
 .debug_frame   0x00001bd4      0x14c ./Drivers/STM32G4xx_HAL_Driver/Src/stm32g4xx_hal_gpio.o
 .debug_frame   0x00001d20      0x4fc ./Drivers/STM32G4xx_HAL_Driver/Src/stm32g4xx_hal_pwr_ex.o
 .debug_frame   0x0000221c      0x23c ./Drivers/STM32G4xx_HAL_Driver/Src/stm32g4xx_hal_rcc.o
 .debug_frame   0x00002458      0x2ac ./Drivers/STM32G4xx_HAL_Driver/Src/stm32g4xx_hal_rcc_ex.o
 .debug_frame   0x00002704       0x20 C:/ST/STM32CubeIDE_1.15.1/STM32CubeIDE/plugins/com.st.stm32cube.ide.mcu.externaltools.gnu-tools-for-stm32.13.3.rel1.win32_1.0.0.202411081344/tools/bin/../lib/gcc/arm-none-eabi/13.3.1/../../../../arm-none-eabi/lib/thumb/v7e-m+fp/hard\libc_nano.a(libc_a-memset.o)
 .debug_frame   0x00002724       0x2c C:/ST/STM32CubeIDE_1.15.1/STM32CubeIDE/plugins/com.st.stm32cube.ide.mcu.externaltools.gnu-tools-for-stm32.13.3.rel1.win32_1.0.0.202411081344/tools/bin/../lib/gcc/arm-none-eabi/13.3.1/../../../../arm-none-eabi/lib/thumb/v7e-m+fp/hard\libc_nano.a(libc_a-init.o)

.debug_line_str
                0x00000000       0x6b
 .debug_line_str
                0x00000000       0x6b ./Core/Startup/startup_stm32g431kbtx.o
